
                           ---=== DarkElf City ===---


                       B-E-B
                         |
                       g-+-g
                         |
                ######-g-W-g ########
                #    #   |   #      #
                # GR #-g-+-g #  MH  #
                #    #   |   #      #
                ######-g-+-g ########
                 | | |   |     | | |
                 +-+-R-+-C-+-+-R-+-+
          ###### | ######|
          # G2 #-F-# G1 #+
          ###### | ######|
          # G4 #-F-# G3 #O
          ######   ######|
                         +
                         |
                         S
                        /|\
                       +-+-+
                       |X|X|
                       S-+-S
                         |
                         T


Explenations:
B = Guards of the CityGate		MH = Meeting Hall ~66rooms
E = City Entrance														GR = Guard Quarters ~44rooms
W = Walk to the City												Gx = Gardens Rose/Tulip/Sound/Animal ~20rooms each
g = Guard Room						 									 O = Road to the old parts of the city
R = Central City Walk					 							 S = The Slum
T = The Tunnels               o = Out


---=== Garden #1,#2,#3,#4 ===---

      G-G-G-G               Explenations:
      |     |               G = Garden Walk
  G-G G G-G G               E = Entrance
  |  \| | | |               The same layout for rest of gardens.. just different things to look at
  G o-E G G G               o = Out
   \    | | |
    G-G-G G-G

---=== Deep Tunnels (virtual area) ===---

^^^^^^^^^^^^^^^^^^^^^^^^^^^^^^^^^^^^^^^^^^^^^^^^^^^^^^^^^^^^^^^^^^^^^^
^^^^^^^^^^^^^^^^^^^^^^^^^^^^^^o^^^^^^^^^^^^^^^^^^^^^^^^^^^^^^^^^^^^^^^
^^^^^^^^^^^^^^^^^^^^^^^^^^^^^^E^^^^^^^^^^^^^^^^^^^^^^^^^^^^^^^^^^^^^^^
^^^^^^^^^^^^^^^^^^^^^^^^^^^^^^E^^SSSSS^^^^^^^^^^^^^^^^^^^^^^^^^^^^^^^^
^^^^^^^^^^^^^^^^^^^^^^^^^^^^^^E^^SSSSS^^^^^^^^^^^^^^^^^^^^^^^^^^^^^^^^
^^^^^^^^^^^^^^^^^^^^^^^^^^^^^^E^^^^s^^^^^^^^^^^^^^^^^^^^^^^^^^^^^^^^^^
^^^^^^^^^^^^^^^^^^^^^^^^^^^^^E^s^^^s^^^^^^^^^^^^^^^^^^^^^^^^^^^^^^^^^^
^^^^^^^^^^^^^^^^^^^^^^^^^^^^E^^^s^^s^^D^^^^^^^^^^^^^^^^^^^^^^^^^^^^^^^
^^^^^^^^^^^^^^^^^^^^^^^^^^^^E^^D^s^s^s^^^^^^^^^^^^^^^^^^^^^^^^^^^^^^^^
^^^^^^^^^^^^^^^^^^^^^^^^^^^^E^^^^^sss^^^^^^^^^^^^^^^^^^^^^^^^^^^^^^^^^
^^^^^^^^^^^^^^^^^^^^^^^^^^^^E^^^^s^s^^^^^^^^^^^^^^^^^^^^^^^^^^^^^^^^^^
^^^^^^^^^^^^^^^^^^^^^^^^^^^^D^^^D^^s^^^^^^^^^^^^^^^^^^^^^^^^^^^^^^^^^^
^^^^^^^^^^^^^^^^^^^^^^^^^^^^^D^^^^^s^^^^^^^^^^^^^^^^^^^^^^^^^^^^^^^^^^
^^^^^^^^^^^^^^^^^^^^^^^^^^^^D^^^^^^s^^^^^^^^^^^^^^^^^^^^^^^^^^^^^^^^^^
^^^^^^^^^^^^^^^^^^^^^^^^^^^DDD^^SSS^SSS^^^^^^^^^^^^^^^^^^^^^^^^^^^^^^^
^^^^^^^^^^^^^^^^^^^^^D^^^^D^D^^^SSS^SSS^^^^^^^^^^^^^^^^^^^^^^^^^^^^^^^
^^^^^^^^^^^^^^^^^^^^^^DDDD^D^^^^^^^^^^^^^^^^^^^^^^^^^^^^^^^^^^^^^^^^^^
^^^^^^^^^^^^^^^^^^^^^^^^^^D^^^^^^^^^^^^^^^^^^^^^^^^^^^^^^^^^^^^^^^^^^^
^^^^^^^^^^^^^^^^^^^^^^^^^^^^^^^^^^^^^^^^^^^^^^^^^^^^^^^^^^^^^^^^^^^^^^

Explenation:
E = Big Tunnel
s = Narrow Dark Tunnel
D = Dark Tunnel
S = Strange Cave
o = Out

---=== Meeting Hall ===---

                      S-S-S-S-S-S-S
                      |X|X|X|X|X|X|
                      S-S-S-P-S-S-S
                      |X|X|X|X|X|X|
                      s-s-s-s-s-s-s
                     /|X|X|X|X|X|X|\
                    m-m-m-m-m-m-m-m-m
                    |X|X|X|X|X|X|X|X|
                    m-m-m-m-m-m-m-m-m
                    |X|X|X|X|X|X|X|X|
                    m-m-m-m-m-m-m-m-m
                    |X|X|X|X|X|X|X|X|
                    M-M-M-M-M-M-M-M-M
                         \|X|X|/
                          E-E-E
                          |X|X|
                          E-E-E
                          |X|X|
                          e-e-e
                          | | |
                          o o o

Explenation:
S = The stage
P = The Podium
s = The stairs to the stage
m = The Meeting hall with the benches and some dark elfs
M = The Walkroad at the back of the meeting hall
E = The Walk to the meeting hall
e = The Entrance to the Meeting hall
o = Out

---=== Guard Rooms ===---

            S-S-S-S-S-S-S
            |X|X|X|X|X|X|
            S-S-S-S-S-S-S
                  |
        T-T-T-T-t-s-E
        |X|X|X| |X|X|
        T-T-T-T G-E-E-o
        |X|X|X| |X|X|
        T-T-T-T G-E-E-o
        |X|X|X| |X|X|
        T-T-T-T E-E-E-o
                | | |
                o o o

Explenation:
S = The Sleeping Quarters
s = The entrance to the Sleeping Quarters
T = The Guards Training grounds
t = The entrance to the Training grounds
G = The Entrance rooms with some gambling guards in them
E = The Entrance rooms
o = Out