
                    Therheran
                       Exit
                        |
                        1
                        |
                        2
                        |
            3-4-5-6-7-8-9-0-a-b-c-d-e
            |   |     | | |     |   |
            f   g     h v i     j   k
            |   |       |       |   |
            l   m      Te1      n   o
            |   |       |       |   |
            p   q      Te2      r   s
             \ /        |        \ /
              t    Te3-Te4-Te5    u
                    |       |
                   Te6     Te7
                    |       |
           Te8-Te9-Te0-TeA-TeB-TeC-TeD
            |                       |
           TeE                     TeF
            |                       |
           TeG-TeH-TeI-TeJ-TeK-TeL-TeM
                        |
                       TeN
                        /
                       TeO
Explanation:
1. North -> Exit             Te1. Out->v, Priest
3. Citizen                   Te2. Priest
6. Citizen                   Te3. 2Priest
9. Quest, Lever to temple    Te5. 2Priest
0. Priest                    Te6. 2Priest
b. Citizen                   Te7. 2Priest
c. Citizen                   Te8. 3x3Priest
f. Priest                    TeA. 2Priest
h. MageStore                 TeB. 2Priest
i. Baker                     TeC. 3Priest
j. Priest                    TeD. 3Priest
k. Priest                    TeF. 3Priest
m. Priest                    TeG. 2x3Priest
n. Priest                    TeH. 3Priest
p. Priest, South->t          TeJ. 3x3Priest
r. Priest                    TeK. 3Priest
s. South->u                  TeN. QuestEntrance, 2xArchMage,GrandMage
t. North->q,Quest,LeverOne   TeO. EQMobs
u. North->r,Quest,LeverTwo
v. Enter->Te1