
                          Strakhad

                          1-2-3-4 / Ca1-Ca2-Ca3-Ca4         Ca5-Ca6-Ca7
                          |          |           |           |   |   |
                          5         Ca8         Ca9-Ca0-CaA-CaB CaC CaD
                          |          |                               |
                6-7-8-9-a-b         CaE         CaF-CaG-CaH-CaI-CaJ-CaK
                |   |     |          |           |
                c   d     e   f     CaL-CaM-CaN-CaO
                |   |     |   |
                g-h-i-j-k-l-m-n-o-p-q
                  |       |     |
                  r       s     t                     UPPER LEVELS
                          |                         CuA Cu2-Cu3-Cu4
                          v                          |   |       |
                          |                         Cu0 Cu1     Cu5
                          w                          |           |
                          |                         Cu6-Cu7-Cu8-Cu9
                          x
                          |
                          y
Explanation:
2. Ranger1                   Ca1. Out->4
3. 2xRanger                  Ca2. 2xKnight
4. Paladin,Enter->Ca1        Ca4. 2xKnight
6. Rat                       Ca6. 3xWhite_Paladin
7. 2xRat                     Ca8. 2xKnight
8. 2xRat                     Ca9. 2xWhite_Paladin
9. Rat                       CaC. King,2xRed_Guard,Entrance to Upper Level->Cu1
a. 2xRat                     CaD. 2xWhite_Paladin
b. Citizen                   CaF. 2xWhite_Paladin
f. Weapon Shop               CaJ. 2xWhite_Paladin
h. Citizen                   CaL. 2xKnight
k. 2xCitizen                 CaN. 2xKnight
p. 2xCitizen                 Cu1. Down->CaC
r. Armour Shop               CuA. EQMobs
s. 2xCitizen
t. Baker
w. 2xCitizen
x. Citizen
y. Entrance, 2xGateGuard