
                    ---=== DarkElf City ===---


                B-E-B              B  = GuardHouse of the CityGate
                  |                E  = City Entrance
                g-+-g              W  = Walk to the City
                  |                g  = Guard Room
         ######-g-W-g ########     R  = Central City Walk
         #    #   |   #      #     O  = Road to the old parts of the city
         # GR #-g-+-g #  MH  #     S  = The Slum
         #    #   |   #      #     Gx = Gardens
         ######-g-+-g ########     T  = The Tunnels
          | | |   |     | | |      GR = Guard Quarters
          +-+-R-+-C-+-+-R-+-+      MH = Meeting Hall
   ###### | ######|
   # G2 #-F-# G1 #+
   ###### | ######|
   # G4 #-F-# G3 #O
   ######   ######|
                  +
                  |
                  S
                  |
                +-+-+
                |X|X|
                S-+-S
                  |
                  T

                  GuardRoom

        SSSSSSSSSSSSSSSS  SSSSSSSSSSSSS             S = Sguard  / Sovsal
        SSSSSSSSSSSSSSSSSSSSSSSSSSSSSSS             t = etguard / Tunnel
        SSSSSSSSSSSSSSSSSSSSSSSSSSSSSSS             T = tguard  / Träningsställe
        SSSSSSSSSSSSSSSSSSSSSSSSSSSSSSS             E = eguard  / GuardRoom
        SSSSSSSSSSSSSSSS  SSSSSSSSSSSSS
                             ttt
            TTTTTTTTTTTTTTTtttEEE
            TTTTTTTTTTTTTTTtEEEEE?
            TTTTTTTTTTTTTTTtEEEEE?
            TTTTTTTTTTTTTTT EEEEE?
            TTTTTTTTTTTTTTT   ???
            TTTTTTTTTTTTTTT
            TTTTTTTTTTTTTTT

         MeetingHall

        SSSSSSSSSSSSS             S = sphall / Scenen
        SSSSSSSSSSSSS             P = phall  / Podium
        SSSSSSPSSSSSS             s = shall  / trappa till scenen
        SSSSSSSSSSSSS             m = mhall  / sittplatser
        sssssssssssss             M = mbhall / Bakom sittplatserna
       sssssssssssssss            E = ewhall / Entre
      mmmmmmmmmmmmmmmmm           e = ehall  / Riktiga entren
      mmmmmmmmmmmmmmmmm
      mmmmmmmmmmmmmmmmm
       MMMMMMMMMMMMMMM
         MMMMMMMMMMM
          EEEEEEEEE
          EEEEEEEEE
           EEEEEEE
           EEEEEEE
            EEEEE
            EEEEE
             EEE
             ???

                          Tunnel

                       s      ?        ssssssssssssssD
                       s      E       sssss
                      sss     E  SSSSS
                      sss     E  SSSSS                       E = etunnel  / Wide Tunnel
                      s sss   E    s                         s = stunnel  / Narrow Passage
                     ss    s E ss  s                         S = stunnel2 / Large chamber
                    s       E   ss s  D                      D = dtunnel  / Large Tunnel
                   s        E    s s sss
          ssss    s         E   D sss
          ssssssss          E      s
          ssss  s           D     ss
                s            D   s ss
                s        DDDD   D  s s
                s        D DDD     s  s
                s       DDD D D   SSS  s
                s   D    D DDDD   SSS   SSSSSSSSSSSS
                s    DDDD   D     SSS   SSSSSSSSSSSS
                s       D  DD     SSS   SSSSSSSSSSSS
           SSSSSSSSSSS   DD       SSS   SSSSSSSSSSSS
           SSSSSSSSSSS             S    SSSSSSSSSSSS
           SSSSSSSSSSS  SSSSSSS SS S SS SSSSSSSSSSSS
           SSSSSSSSSSSSSSSSSSSSSSSSSSSSSSSSSSSSSSSSS
           SSSSSSSSSSSSSSSSSSSSSSSSSSSSSSSSSSSSSSSSS
              SSSSSSSSSSSSSSSSSSSSSSSSSSSSSSSSSSS
                    SSSSSSSSSSSSSSSSSSSSSSS
                             SSSSS
                               S

                    Garden

                    2-3-4-5
                    |     |
                h-i 1 b-a 6
                |  \| | | |
                g   E c 0 7
                 \    | | |
                  f-e-d 9-8